------------------------------------------------------------
Timing Analyzer Summary
------------------------------------------------------------

Type  : Slow 1200mV 85C Model Setup 'scaledclock:CLK_DIV|clk'
Slack : -5.626
TNS   : -1292.002

Type  : Slow 1200mV 85C Model Setup 'clock'
Slack : -4.552
TNS   : -1796.640

Type  : Slow 1200mV 85C Model Hold 'clock'
Slack : 0.384
TNS   : 0.000

Type  : Slow 1200mV 85C Model Hold 'scaledclock:CLK_DIV|clk'
Slack : 0.386
TNS   : 0.000

Type  : Slow 1200mV 85C Model Minimum Pulse Width 'clock'
Slack : -3.000
TNS   : -645.500

Type  : Slow 1200mV 85C Model Minimum Pulse Width 'scaledclock:CLK_DIV|clk'
Slack : -1.285
TNS   : -431.760

Type  : Slow 1200mV 0C Model Setup 'scaledclock:CLK_DIV|clk'
Slack : -5.065
TNS   : -1155.862

Type  : Slow 1200mV 0C Model Setup 'clock'
Slack : -4.113
TNS   : -1605.597

Type  : Slow 1200mV 0C Model Hold 'clock'
Slack : 0.337
TNS   : 0.000

Type  : Slow 1200mV 0C Model Hold 'scaledclock:CLK_DIV|clk'
Slack : 0.339
TNS   : 0.000

Type  : Slow 1200mV 0C Model Minimum Pulse Width 'clock'
Slack : -3.000
TNS   : -645.500

Type  : Slow 1200mV 0C Model Minimum Pulse Width 'scaledclock:CLK_DIV|clk'
Slack : -1.285
TNS   : -431.760

Type  : Fast 1200mV 0C Model Setup 'scaledclock:CLK_DIV|clk'
Slack : -2.226
TNS   : -474.477

Type  : Fast 1200mV 0C Model Setup 'clock'
Slack : -1.726
TNS   : -593.747

Type  : Fast 1200mV 0C Model Hold 'clock'
Slack : 0.172
TNS   : 0.000

Type  : Fast 1200mV 0C Model Hold 'scaledclock:CLK_DIV|clk'
Slack : 0.172
TNS   : 0.000

Type  : Fast 1200mV 0C Model Minimum Pulse Width 'clock'
Slack : -3.000
TNS   : -541.821

Type  : Fast 1200mV 0C Model Minimum Pulse Width 'scaledclock:CLK_DIV|clk'
Slack : -1.000
TNS   : -336.000

------------------------------------------------------------
