------------------------------------------------------------
Timing Analyzer Summary
------------------------------------------------------------

Type  : Slow 1200mV 85C Model Setup 'scaledclock:CLK_DIV|clk'
Slack : -5.742
TNS   : -3096.532

Type  : Slow 1200mV 85C Model Setup 'clock'
Slack : -5.534
TNS   : -6314.170

Type  : Slow 1200mV 85C Model Hold 'clock'
Slack : 0.249
TNS   : 0.000

Type  : Slow 1200mV 85C Model Hold 'scaledclock:CLK_DIV|clk'
Slack : 0.386
TNS   : 0.000

Type  : Slow 1200mV 85C Model Minimum Pulse Width 'clock'
Slack : -3.000
TNS   : -2170.795

Type  : Slow 1200mV 85C Model Minimum Pulse Width 'scaledclock:CLK_DIV|clk'
Slack : -1.285
TNS   : -1062.695

Type  : Slow 1200mV 0C Model Setup 'scaledclock:CLK_DIV|clk'
Slack : -5.112
TNS   : -2769.153

Type  : Slow 1200mV 0C Model Setup 'clock'
Slack : -4.961
TNS   : -5631.446

Type  : Slow 1200mV 0C Model Hold 'clock'
Slack : 0.229
TNS   : 0.000

Type  : Slow 1200mV 0C Model Hold 'scaledclock:CLK_DIV|clk'
Slack : 0.338
TNS   : 0.000

Type  : Slow 1200mV 0C Model Minimum Pulse Width 'clock'
Slack : -3.000
TNS   : -2170.795

Type  : Slow 1200mV 0C Model Minimum Pulse Width 'scaledclock:CLK_DIV|clk'
Slack : -1.285
TNS   : -1062.695

Type  : Fast 1200mV 0C Model Setup 'scaledclock:CLK_DIV|clk'
Slack : -2.249
TNS   : -1080.004

Type  : Fast 1200mV 0C Model Setup 'clock'
Slack : -2.177
TNS   : -2199.257

Type  : Fast 1200mV 0C Model Hold 'clock'
Slack : 0.073
TNS   : 0.000

Type  : Fast 1200mV 0C Model Hold 'scaledclock:CLK_DIV|clk'
Slack : 0.173
TNS   : 0.000

Type  : Fast 1200mV 0C Model Minimum Pulse Width 'clock'
Slack : -3.000
TNS   : -1815.927

Type  : Fast 1200mV 0C Model Minimum Pulse Width 'scaledclock:CLK_DIV|clk'
Slack : -1.000
TNS   : -827.000

------------------------------------------------------------
